[    0.000000] Linux version 4.15.0-196-generic (buildd@lcy02-amd64-018) (gcc version 7.5.0 (Ubuntu 7.5.0-3ubuntu1~18.04)) #207-Ubuntu SMP Thu Oct 27 21:24:58 UTC 2022 (Ubuntu 4.15.0-196.207-generic 4.15.18)
[    0.000000] Command line: BOOT_IMAGE=/boot/vmlinuz-4.15.0-196-generic root=UUID=8c9df4af-2421-41f0-9879-928461d410ab ro console=tty1 console=ttyS0
[    0.000000] KERNEL supported cpus:
[    0.000000]   Intel GenuineIntel
[    0.000000]   AMD AuthenticAMD
[    0.000000]   Centaur CentaurHauls
[    0.000000] [Firmware Bug]: TSC doesn't count with P0 frequency!
[    0.000000] x86/fpu: x87 FPU will use FXSAVE
[    0.000000] e820: BIOS-provided physical RAM map:
[    0.000000] BIOS-e820: [mem 0x0000000000000000-0x000000000009fbff] usable
[    0.000000] BIOS-e820: [mem 0x000000000009fc00-0x000000000009ffff] reserved
[    0.000000] BIOS-e820: [mem 0x00000000000f0000-0x00000000000fffff] reserved
[    0.000000] BIOS-e820: [mem 0x0000000000100000-0x00000000dffeffff] usable
[    0.000000] BIOS-e820: [mem 0x00000000dfff0000-0x00000000dfffffff] ACPI data
[    0.000000] BIOS-e820: [mem 0x00000000fec00000-0x00000000fec00fff] reserved
[    0.000000] BIOS-e820: [mem 0x00000000fee00000-0x00000000fee00fff] reserved
[    0.000000] BIOS-e820: [mem 0x00000000fffc0000-0x00000000ffffffff] reserved
[    0.000000] BIOS-e820: [mem 0x0000000100000000-0x000000021fffffff] usable
[    0.000000] NX (Execute Disable) protection: active
[    0.000000] SMBIOS 2.5 present.
[    0.000000] DMI: innotek GmbH VirtualBox/VirtualBox, BIOS VirtualBox 12/01/2006
[    0.000000] Hypervisor detected: KVM
[    0.000000] e820: last_pfn = 0x220000 max_arch_pfn = 0x400000000
[    0.000000] MTRR: Disabled
[    0.000000] x86/PAT: MTRRs disabled, skipping PAT initialization too.
[    0.000000] CPU MTRRs all blank - virtualized system.
[    0.000000] x86/PAT: Configuration [0-7]: WB  WT  UC- UC  WB  WT  UC- UC  
[    0.000000] e820: last_pfn = 0xdfff0 max_arch_pfn = 0x400000000
[    0.000000] found SMP MP-table at [mem 0x0009fff0-0x0009ffff]
[    0.000000] Scanning 1 areas for low memory corruption
[    0.000000] RAMDISK: [mem 0x3581b000-0x36c04fff]
[    0.000000] ACPI: Early table checksum verification disabled
[    0.000000] ACPI: RSDP 0x00000000000E0000 000024 (v02 VBOX  )
[    0.000000] ACPI: XSDT 0x00000000DFFF0030 00003C (v01 VBOX   VBOXXSDT 00000001 ASL  00000061)
[    0.000000] ACPI: FACP 0x00000000DFFF00F0 0000F4 (v04 VBOX   VBOXFACP 00000001 ASL  00000061)
[    0.000000] ACPI: DSDT 0x00000000DFFF0470 002325 (v02 VBOX   VBOXBIOS 00000002 INTL 20100528)
[    0.000000] ACPI: FACS 0x00000000DFFF0200 000040
[    0.000000] ACPI: FACS 0x00000000DFFF0200 000040
[    0.000000] ACPI: APIC 0x00000000DFFF0240 00005C (v02 VBOX   VBOXAPIC 00000001 ASL  00000061)
[    0.000000] ACPI: SSDT 0x00000000DFFF02A0 0001CC (v01 VBOX   VBOXCPUT 00000002 INTL 20100528)
[    0.000000] ACPI: Reserving FACP table memory at [mem 0xdfff00f0-0xdfff01e3]
[    0.000000] ACPI: Reserving DSDT table memory at [mem 0xdfff0470-0xdfff2794]
[    0.000000] ACPI: Reserving FACS table memory at [mem 0xdfff0200-0xdfff023f]
[    0.000000] ACPI: Reserving FACS table memory at [mem 0xdfff0200-0xdfff023f]
[    0.000000] ACPI: Reserving APIC table memory at [mem 0xdfff0240-0xdfff029b]
[    0.000000] ACPI: Reserving SSDT table memory at [mem 0xdfff02a0-0xdfff046b]
[    0.000000] No NUMA configuration found
[    0.000000] Faking a node at [mem 0x0000000000000000-0x000000021fffffff]
[    0.000000] NODE_DATA(0) allocated [mem 0x21ffd1000-0x21fffbfff]
[    0.000000] kvm-clock: cpu 0, msr 2:1ff50001, primary cpu clock
[    0.000000] kvm-clock: Using msrs 4b564d01 and 4b564d00
[    0.000000] kvm-clock: using sched offset of 4689374926 cycles
[    0.000000] clocksource: kvm-clock: mask: 0xffffffffffffffff max_cycles: 0x1cd42e4dffb, max_idle_ns: 881590591483 ns
[    0.000000] Zone ranges:
[    0.000000]   DMA      [mem 0x0000000000001000-0x0000000000ffffff]
[    0.000000]   DMA32    [mem 0x0000000001000000-0x00000000ffffffff]
[    0.000000]   Normal   [mem 0x0000000100000000-0x000000021fffffff]
[    0.000000]   Device   empty
[    0.000000] Movable zone start for each node
[    0.000000] Early memory node ranges
[    0.000000]   node   0: [mem 0x0000000000001000-0x000000000009efff]
[    0.000000]   node   0: [mem 0x0000000000100000-0x00000000dffeffff]
[    0.000000]   node   0: [mem 0x0000000100000000-0x000000021fffffff]
[    0.000000] Reserved but unavailable: 104 pages
[    0.000000] Initmem setup node 0 [mem 0x0000000000001000-0x000000021fffffff]
[    0.000000] ACPI: PM-Timer IO Port: 0x4008
[    0.000000] IOAPIC[0]: apic_id 2, version 32, address 0xfec00000, GSI 0-23
[    0.000000] ACPI: INT_SRC_OVR (bus 0 bus_irq 0 global_irq 2 dfl dfl)
[    0.000000] ACPI: INT_SRC_OVR (bus 0 bus_irq 9 global_irq 9 low level)
[    0.000000] Using ACPI (MADT) for SMP configuration information
[    0.000000] smpboot: Allowing 2 CPUs, 0 hotplug CPUs
[    0.000000] PM: Registered nosave memory: [mem 0x00000000-0x00000fff]
[    0.000000] PM: Registered nosave memory: [mem 0x0009f000-0x0009ffff]
[    0.000000] PM: Registered nosave memory: [mem 0x000a0000-0x000effff]
[    0.000000] PM: Registered nosave memory: [mem 0x000f0000-0x000fffff]
[    0.000000] PM: Registered nosave memory: [mem 0xdfff0000-0xdfffffff]
[    0.000000] PM: Registered nosave memory: [mem 0xe0000000-0xfebfffff]
[    0.000000] PM: Registered nosave memory: [mem 0xfec00000-0xfec00fff]
[    0.000000] PM: Registered nosave memory: [mem 0xfec01000-0xfedfffff]
[    0.000000] PM: Registered nosave memory: [mem 0xfee00000-0xfee00fff]
[    0.000000] PM: Registered nosave memory: [mem 0xfee01000-0xfffbffff]
[    0.000000] PM: Registered nosave memory: [mem 0xfffc0000-0xffffffff]
[    0.000000] e820: [mem 0xe0000000-0xfebfffff] available for PCI devices
[    0.000000] Booting paravirtualized kernel on KVM
[    0.000000] clocksource: refined-jiffies: mask: 0xffffffff max_cycles: 0xffffffff, max_idle_ns: 7645519600211568 ns
[    0.000000] setup_percpu: NR_CPUS:8192 nr_cpumask_bits:2 nr_cpu_ids:2 nr_node_ids:1
[    0.000000] percpu: Embedded 50 pages/cpu s167936 r8192 d28672 u1048576
[    0.000000] PV qspinlock hash table entries: 256 (order: 0, 4096 bytes)
[    0.000000] Built 1 zonelists, mobility grouping on.  Total pages: 2064249
[    0.000000] Policy zone: Normal
[    0.000000] Kernel command line: BOOT_IMAGE=/boot/vmlinuz-4.15.0-196-generic root=UUID=8c9df4af-2421-41f0-9879-928461d410ab ro console=tty1 console=ttyS0
[    0.000000] Memory: 8141164K/8388152K available (12300K kernel code, 2477K rwdata, 4320K rodata, 2472K init, 2720K bss, 246988K reserved, 0K cma-reserved)
[    0.000000] SLUB: HWalign=64, Order=0-3, MinObjects=0, CPUs=2, Nodes=1
[    0.000000] ftrace: allocating 39477 entries in 155 pages
[    0.004000] Hierarchical RCU implementation.
[    0.004000] 	RCU restricting CPUs from NR_CPUS=8192 to nr_cpu_ids=2.
[    0.004000] 	Tasks RCU enabled.
[    0.004000] RCU: Adjusting geometry for rcu_fanout_leaf=16, nr_cpu_ids=2
[    0.004000] NR_IRQS: 524544, nr_irqs: 440, preallocated irqs: 16
[    0.004000] Console: colour VGA+ 80x25
[    0.004000] console [tty1] enabled
[    0.004000] console [ttyS0] enabled
[    0.004000] ACPI: Core revision 20170831
[    0.004000] ACPI: 2 ACPI AML tables successfully acquired and loaded
[    0.004000] APIC: Switch to symmetric I/O mode setup
[    0.004000] ..TIMER: vector=0x30 apic1=0 pin1=2 apic2=-1 pin2=-1
[    0.004000] tsc: Detected 2894.458 MHz processor
[    0.004000] Calibrating delay loop (skipped) preset value.. 5788.91 BogoMIPS (lpj=11577832)
[    0.004000] pid_max: default: 32768 minimum: 301
[    0.004000] Security Framework initialized
[    0.004007] Yama: becoming mindful.
[    0.008111] AppArmor: AppArmor initialized
[    0.072294] Dentry cache hash table entries: 1048576 (order: 11, 8388608 bytes)
[    0.105155] Inode-cache hash table entries: 524288 (order: 10, 4194304 bytes)
[    0.108587] Mount-cache hash table entries: 16384 (order: 5, 131072 bytes)
[    0.112582] Mountpoint-cache hash table entries: 16384 (order: 5, 131072 bytes)
[    0.117253] Last level iTLB entries: 4KB 1024, 2MB 1024, 4MB 512
[    0.120007] Last level dTLB entries: 4KB 2048, 2MB 2048, 4MB 1024, 1GB 0
[    0.124008] Spectre V1 : Mitigation: usercopy/swapgs barriers and __user pointer sanitization
[    0.128008] Spectre V2 : Mitigation: Retpolines
[    0.132003] Spectre V2 : Spectre v2 / SpectreRSB mitigation: Filling RSB on context switch
[    0.136010] Speculative Store Bypass: Mitigation: Speculative Store Bypass disabled via prctl and seccomp
[    0.140160] Freeing SMP alternatives memory: 36K
[    0.255227] smpboot: CPU0: AMD Ryzen 7 4800H with Radeon Graphics (family: 0x17, model: 0x60, stepping: 0x1)
[    0.262260] Performance Events: PMU not available due to virtualization, using software events only.
[    0.264173] Hierarchical SRCU implementation.
[    0.268838] NMI watchdog: Perf event create on CPU 0 failed with -2
[    0.272005] NMI watchdog: Perf NMI watchdog permanently disabled
[    0.276307] smp: Bringing up secondary CPUs ...
[    0.281032] x86: Booting SMP configuration:
[    0.284011] .... node  #0, CPUs:      #1
[    0.004000] kvm-clock: cpu 1, msr 2:1ff50041, secondary cpu clock
[    0.296000] TSC synchronization [CPU#0 -> CPU#1]:
[    0.296000] Measured 62866 cycles TSC warp between CPUs, turning off TSC clock.
[    0.296000] tsc: Marking TSC unstable due to check_tsc_sync_source failed
[    0.296409] smp: Brought up 1 node, 2 CPUs
[    0.300010] smpboot: Max logical packages: 1
[    0.304014] smpboot: Total of 2 processors activated (11577.83 BogoMIPS)
[    0.312628] devtmpfs: initialized
[    0.316503] x86/mm: Memory block size: 128MB
[    0.325962] evm: security.selinux
[    0.328003] evm: security.SMACK64
[    0.332002] evm: security.SMACK64EXEC
[    0.336005] evm: security.SMACK64TRANSMUTE
[    0.340002] evm: security.SMACK64MMAP
[    0.348004] evm: security.apparmor
[    0.352004] evm: security.ima
[    0.352006] evm: security.capability
[    0.360753] clocksource: jiffies: mask: 0xffffffff max_cycles: 0xffffffff, max_idle_ns: 7645041785100000 ns
[    0.364112] futex hash table entries: 512 (order: 3, 32768 bytes)
[    0.368186] pinctrl core: initialized pinctrl subsystem
[    0.376221] RTC time:  1:26:27, date: 11/13/22
[    0.381038] NET: Registered protocol family 16
[    0.384146] audit: initializing netlink subsys (disabled)
[    0.388216] audit: type=2000 audit(1668302795.610:1): state=initialized audit_enabled=0 res=1
[    0.392107] cpuidle: using governor ladder
[    0.396201] cpuidle: using governor menu
[    0.408059] ACPI: bus type PCI registered
[    0.412009] acpiphp: ACPI Hot Plug PCI Controller Driver version: 0.5
[    0.416619] PCI: Using configuration type 1 for base access
[    0.420007] PCI: Using configuration type 1 for extended access
[    0.432198] HugeTLB registered 2.00 MiB page size, pre-allocated 0 pages
[    0.440450] ACPI: Added _OSI(Module Device)
[    0.448106] ACPI: Added _OSI(Processor Device)
[    0.452006] ACPI: Added _OSI(3.0 _SCP Extensions)
[    0.460007] ACPI: Added _OSI(Processor Aggregator Device)
[    0.464006] ACPI: Added _OSI(Linux-Dell-Video)
[    0.468006] ACPI: Added _OSI(Linux-Lenovo-NV-HDMI-Audio)
[    0.476007] ACPI: Added _OSI(Linux-HPI-Hybrid-Graphics)
[    0.480861] ACPI: Executed 1 blocks of module-level executable AML code
[    0.493765] ACPI: Interpreter enabled
[    0.496026] ACPI: (supports S0 S5)
[    0.500005] ACPI: Using IOAPIC for interrupt routing
[    0.504440] PCI: Using host bridge windows from ACPI; if necessary, use "pci=nocrs" and report a bug
[    0.512258] ACPI: Enabled 2 GPEs in block 00 to 07
[    0.524278] ACPI: PCI Root Bridge [PCI0] (domain 0000 [bus 00-ff])
[    0.532021] acpi PNP0A03:00: _OSC: OS supports [ExtendedConfig ASPM ClockPM Segments MSI]
[    0.541526] acpi PNP0A03:00: _OSC: platform does not support [PCIeCapability]
[    0.548770] acpi PNP0A03:00: _OSC: not requesting control; platform does not support [PCIeCapability]
[    0.556010] acpi PNP0A03:00: _OSC: OS requested [PCIeHotplug PME AER PCIeCapability]
[    0.564010] acpi PNP0A03:00: _OSC: platform willing to grant [PCIeHotplug PME AER]
[    0.568009] acpi PNP0A03:00: _OSC failed (AE_SUPPORT); disabling ASPM
[    0.577136] PCI host bridge to bus 0000:00
[    0.580009] pci_bus 0000:00: root bus resource [io  0x0000-0x0cf7 window]
[    0.584012] pci_bus 0000:00: root bus resource [io  0x0d00-0xffff window]
[    0.592010] pci_bus 0000:00: root bus resource [mem 0x000a0000-0x000bffff window]
[    0.600008] pci_bus 0000:00: root bus resource [mem 0xe0000000-0xfdffffff window]
[    0.608009] pci_bus 0000:00: root bus resource [bus 00-ff]
[    0.619688] pci 0000:00:01.1: legacy IDE quirk: reg 0x10: [io  0x01f0-0x01f7]
[    0.624010] pci 0000:00:01.1: legacy IDE quirk: reg 0x14: [io  0x03f6]
[    0.628010] pci 0000:00:01.1: legacy IDE quirk: reg 0x18: [io  0x0170-0x0177]
[    0.636010] pci 0000:00:01.1: legacy IDE quirk: reg 0x1c: [io  0x0376]
[    0.704949] pci 0000:00:07.0: quirk: [io  0x4000-0x403f] claimed by PIIX4 ACPI
[    0.724044] pci 0000:00:07.0: quirk: [io  0x4100-0x410f] claimed by PIIX4 SMB
[    0.776163] ACPI: PCI Interrupt Link [LNKA] (IRQs 5 9 10 *11)
[    0.792573] ACPI: PCI Interrupt Link [LNKB] (IRQs 5 9 *10 11)
[    0.808214] ACPI: PCI Interrupt Link [LNKC] (IRQs 5 *9 10 11)
[    0.824124] ACPI: PCI Interrupt Link [LNKD] (IRQs 5 9 10 *11)
[    0.840584] SCSI subsystem initialized
[    0.856102] pci 0000:00:02.0: vgaarb: setting as boot VGA device
[    0.860000] pci 0000:00:02.0: vgaarb: VGA device added: decodes=io+mem,owns=io+mem,locks=none
[    0.892008] pci 0000:00:02.0: vgaarb: bridge control possible
[    0.908006] vgaarb: loaded
[    0.916040] ACPI: bus type USB registered
[    0.928098] usbcore: registered new interface driver usbfs
[    0.940017] usbcore: registered new interface driver hub
[    0.956025] usbcore: registered new device driver usb
[    0.972258] EDAC MC: Ver: 3.0.0
[    0.984044] PCI: Using ACPI for IRQ routing
[    0.996804] NetLabel: Initializing
[    1.008005] NetLabel:  domain hash size = 128
[    1.020004] NetLabel:  protocols = UNLABELED CIPSOv4 CALIPSO
[    1.032021] NetLabel:  unlabeled traffic allowed by default
[    1.052309] clocksource: Switched to clocksource kvm-clock
[    1.060816] VFS: Disk quotas dquot_6.6.0
[    1.060816] VFS: Dquot-cache hash table entries: 512 (order 0, 4096 bytes)
[    1.060816] AppArmor: AppArmor Filesystem Enabled
[    1.060816] pnp: PnP ACPI init
[    1.060816] pnp: PnP ACPI: found 3 devices
[    1.187785] clocksource: acpi_pm: mask: 0xffffff max_cycles: 0xffffff, max_idle_ns: 2085701024 ns
[    1.188099] NET: Registered protocol family 2
[    1.188099] IP idents hash table entries: 131072 (order: 8, 1048576 bytes)
[    1.208354] TCP established hash table entries: 65536 (order: 7, 524288 bytes)
[    1.216202] TCP bind hash table entries: 65536 (order: 8, 1048576 bytes)
[    1.218119] TCP: Hash tables configured (established 65536 bind 65536)
[    1.218119] UDP hash table entries: 4096 (order: 5, 131072 bytes)
[    1.218119] UDP-Lite hash table entries: 4096 (order: 5, 131072 bytes)
[    1.218119] NET: Registered protocol family 1
[    1.218119] pci 0000:00:00.0: Limiting direct PCI/PCI transfers
[    1.218119] pci 0000:00:01.0: Activating ISA DMA hang workarounds
[    1.218119] pci 0000:00:02.0: Video device with shadowed ROM at [mem 0x000c0000-0x000dffff]
[    1.218119] Unpacking initramfs...
[    1.831470] Freeing initrd memory: 20392K
[    1.835134] PCI-DMA: Using software bounce buffering for IO (SWIOTLB)
[    1.840659] software IO TLB: mapped [mem 0xdbff0000-0xdfff0000] (64MB)
[    1.846200] clocksource: tsc: mask: 0xffffffffffffffff max_cycles: 0x29b8cfc57ff, max_idle_ns: 440795300659 ns
[    1.853778] platform rtc_cmos: registered platform RTC device (no PNP device found)
[    1.859783] Scanning for low memory corruption every 60 seconds
[    1.867109] Initialise system trusted keyrings
[    1.870862] Key type blacklist registered
[    1.874903] workingset: timestamp_bits=36 max_order=21 bucket_order=0
[    1.882537] zbud: loaded
[    1.886297] squashfs: version 4.0 (2009/01/31) Phillip Lougher
[    1.893291] fuse init (API version 7.26)
[    1.927393] Key type asymmetric registered
[    1.931264] Asymmetric key parser 'x509' registered
[    1.935993] Block layer SCSI generic (bsg) driver version 0.4 loaded (major 246)
[    1.943006] io scheduler noop registered
[    1.946622] io scheduler deadline registered
[    1.950453] io scheduler cfq registered (default)
[    1.956346] ACPI: AC Adapter [AC] (on-line)
[    1.960177] input: Power Button as /devices/LNXSYSTM:00/LNXPWRBN:00/input/input0
[    1.966904] ACPI: Power Button [PWRF]
[    1.970585] input: Sleep Button as /devices/LNXSYSTM:00/LNXSLPBN:00/input/input1
[    1.977257] ACPI: Sleep Button [SLPF]
[    1.983334] ACPI: Battery Slot [BAT0] (battery present)
[    1.989405] Serial: 8250/16550 driver, 32 ports, IRQ sharing enabled
[    2.021395] 00:02: ttyS0 at I/O 0x3f8 (irq = 4, base_baud = 115200) is a 16550A
[    2.044791] Linux agpgart interface v0.103
[    2.057720] loop: module loaded
[    2.064150] scsi host0: ata_piix
[    2.068671] scsi host1: ata_piix
[    2.071281] ata1: PATA max UDMA/33 cmd 0x1f0 ctl 0x3f6 bmdma 0xd000 irq 14
[    2.076659] ata2: PATA max UDMA/33 cmd 0x170 ctl 0x376 bmdma 0xd008 irq 15
[    2.082277] tun: Universal TUN/TAP device driver, 1.6
[    2.086919] PPP generic driver version 2.4.2
[    2.091198] ehci_hcd: USB 2.0 'Enhanced' Host Controller (EHCI) Driver
[    2.096235] ehci-pci: EHCI PCI platform driver
[    2.099926] ehci-platform: EHCI generic platform driver
[    2.104254] ohci_hcd: USB 1.1 'Open' Host Controller (OHCI) Driver
[    2.109143] ohci-pci: OHCI PCI platform driver
[    2.112749] ohci-platform: OHCI generic platform driver
[    2.116692] uhci_hcd: USB Universal Host Controller Interface driver
[    2.121916] i8042: PNP: PS/2 Controller [PNP0303:PS2K,PNP0f03:PS2M] at 0x60,0x64 irq 1,12
[    2.131394] serio: i8042 KBD port at 0x60,0x64 irq 1
[    2.135990] serio: i8042 AUX port at 0x60,0x64 irq 12
[    2.141041] mousedev: PS/2 mouse device common for all mice
[    2.149958] input: AT Translated Set 2 keyboard as /devices/platform/i8042/serio0/input/input2
[    2.152393] rtc_cmos rtc_cmos: rtc core: registered rtc_cmos as rtc0
[    2.163076] rtc_cmos rtc_cmos: alarms up to one day, 114 bytes nvram
[    2.169048] i2c /dev entries driver
[    2.172507] device-mapper: uevent: version 1.0.3
[    2.177529] device-mapper: ioctl: 4.37.0-ioctl (2017-09-20) initialised: dm-devel@redhat.com
[    2.185545] ledtrig-cpu: registered to indicate activity on CPUs
[    2.193493] NET: Registered protocol family 10
[    2.210934] Segment Routing with IPv6
[    2.214581] NET: Registered protocol family 17
[    2.219211] Key type dns_resolver registered
[    2.223355] mce: Using 0 MCE banks
[    2.226164] RAS: Correctable Errors collector initialized.
[    2.233170] sched_clock: Marking stable (2232985686, 0)->(5634877482, -3401891796)
[    2.273671] registered taskstats version 1
[    2.277861] Loading compiled-in X.509 certificates
[    2.283964] Loaded X.509 cert 'Build time autogenerated kernel key: 70689ee33cf4f642c5ae41aad47e12600d9dde30'
[    2.292518] Loaded X.509 cert 'Canonical Ltd. Live Patch Signing: 14df34d1a87cf37625abec039ef2bf521249b969'
[    2.301347] Loaded X.509 cert 'Canonical Ltd. Kernel Module Signing: 88f752e560a1e0737e31163a466ad7b70a850c19'
[    2.311236] blacklist: Loading compiled-in revocation X.509 certificates
[    2.317443] Loaded X.509 cert 'Canonical Ltd. Secure Boot Signing: 61482aa2830d0ab2ad5af10b7250da9033ddcef0'
[    2.325198] zswap: loaded using pool lzo/zbud
[    2.338822] Key type big_key registered
[    2.343435] Key type trusted registered
[    2.351358] Key type encrypted registered
[    2.354848] AppArmor: AppArmor sha1 policy hashing enabled
[    2.359036] ima: No TPM chip found, activating TPM-bypass! (rc=-19)
[    2.364091] ima: Allocated hash algorithm: sha1
[    2.367638] evm: HMAC attrs: 0x1
[    2.371328]   Magic number: 14:484:407
[    2.374578] platform ACPI0003:00: hash matches
[    2.378149] ac ACPI0003:00: hash matches
[    2.382268] rtc_cmos rtc_cmos: setting system clock to 2022-11-13 01:26:30 UTC (1668302790)
[    2.390084] BIOS EDD facility v0.16 2004-Jun-25, 0 devices found
[    2.395443] EDD information not available.
[    2.402707] Freeing unused kernel image memory: 2472K
[    2.424981] Write protecting the kernel read-only data: 20480k
[    2.432317] Freeing unused kernel image memory: 2008K
[    2.437016] Freeing unused kernel image memory: 1824K
[    2.447489] x86/mm: Checked W+X mappings: passed, no W+X pages found.
Loading, please wait...
starting version 237
[    2.547818] e1000: Intel(R) PRO/1000 Network Driver - version 7.3.21-k8-NAPI
[    2.554362] e1000: Copyright (c) 1999-2006 Intel Corporation.
[    2.573528] Fusion MPT base driver 3.04.20
[    2.577109] Copyright (c) 1999-2008 LSI Corporation
[    2.603214] Fusion MPT SPI Host driver 3.04.20
[    2.980570] input: ImExPS/2 Generic Explorer Mouse as /devices/platform/i8042/serio1/input/input4
[    3.203061] e1000 0000:00:03.0 eth0: (PCI:33MHz:32-bit) 02:d4:40:b8:a4:a0
[    3.208593] e1000 0000:00:03.0 eth0: Intel(R) PRO/1000 Network Connection
[    3.780270] e1000 0000:00:08.0 eth1: (PCI:33MHz:32-bit) 08:00:27:6d:6a:86
[    3.785738] e1000 0000:00:08.0 eth1: Intel(R) PRO/1000 Network Connection
[    3.793658] e1000 0000:00:08.0 enp0s8: renamed from eth1
[    3.801679] mptbase: ioc0: Initiating bringup
[    3.817408] e1000 0000:00:03.0 enp0s3: renamed from eth0
[    7.200801] ioc0: LSI53C1030 A0: Capabilities={Initiator}
[    7.988976] scsi host2: ioc0: LSI53C1030 A0, FwRev=00000000h, Ports=1, MaxQ=256, IRQ=20
[    8.430448] scsi 2:0:0:0: Direct-Access     VBOX     HARDDISK         1.0  PQ: 0 ANSI: 5
[    8.472356] scsi target2:0:0: Beginning Domain Validation
[    8.485278] scsi target2:0:0: Domain Validation skipping write tests
[    8.491155] scsi target2:0:0: Ending Domain Validation
[    8.496156] scsi target2:0:0: asynchronous
[    8.502486] scsi 2:0:1:0: Direct-Access     VBOX     HARDDISK         1.0  PQ: 0 ANSI: 5
[    8.540973] scsi target2:0:1: Beginning Domain Validation
[    8.554521] scsi target2:0:1: Domain Validation skipping write tests
[    8.559869] scsi target2:0:1: Ending Domain Validation
[    8.564682] scsi target2:0:1: asynchronous
[    8.582577] sd 2:0:0:0: Attached scsi generic sg0 type 0
[    8.587466] sd 2:0:1:0: Attached scsi generic sg1 type 0
[    8.588900] sd 2:0:1:0: [sdb] 20480 512-byte logical blocks: (10.5 MB/10.0 MiB)
[    8.598415] sd 2:0:1:0: [sdb] Write Protect is off
[    8.598556] sd 2:0:0:0: [sda] 83886080 512-byte logical blocks: (42.9 GB/40.0 GiB)
[    8.609260] sd 2:0:0:0: [sda] Write Protect is off
[    8.609437] sd 2:0:1:0: [sdb] Incomplete mode parameter data
[    8.617957] sd 2:0:1:0: [sdb] Assuming drive cache: write through
[    8.623836] sd 2:0:0:0: [sda] Incomplete mode parameter data
[    8.629447] sd 2:0:0:0: [sda] Assuming drive cache: write through
[    8.629785] sd 2:0:1:0: [sdb] Attached SCSI disk
[    8.645107]  sda: sda1
[    8.651564] sd 2:0:0:0: [sda] Attached SCSI disk
Begin: Loading essential drivers ... [   10.925297] raid6: sse2x1   gen() 94497 MB/s
[   12.930244] raid6: sse2x1   xor() 195980 MB/s
[   13.928458] raid6: sse2x2   gen() 404136 MB/s
[   14.926241] raid6: sse2x2   xor() 263909 MB/s
[   15.928963] raid6: sse2x4   gen() 420621 MB/s
[   15.980375] raid6: sse2x4   xor() 10090 MB/s
[   15.984286] raid6: using algorithm sse2x4 gen() 420621 MB/s
[   15.988656] raid6: .... xor() 10090 MB/s, rmw enabled
[   15.992986] raid6: using ssse3x2 recovery algorithm
[   15.998641] xor: measuring software checksum speed
[   16.040915]    prefetch64-sse: 20874.000 MB/sec
[   16.080886]    generic_sse: 19644.000 MB/sec
[   16.084387] xor: using function: prefetch64-sse (20874.000 MB/sec)
[   16.090682] async_tx: api initialized (async)
done.
Begin: Running /scripts/init-premount ... done.
Begin: Mounting root file system ... Begin: Running /scripts/local-top ... done.
Begin: Running /scripts/local-premount ... [   16.154626] Btrfs loaded, crc32c=crc32c-intel
Scanning for Btrfs filesystems
done.
Begin: Will now check root file system ... fsck from util-linux 2.31.1
[/sbin/fsck.ext4 (1) -- /dev/sda1] fsck.ext4 -a -C0 /dev/sda1 
cloudimg-rootfs: recovering journal
cloudimg-rootfs: Clearing orphaned inode 8175 (uid=111, gid=116, mode=0100600, size=0)
cloudimg-rootfs: Clearing orphaned inode 5339 (uid=111, gid=116, mode=0100600, size=0)
cloudimg-rootfs: Clearing orphaned inode 5338 (uid=111, gid=116, mode=0100600, size=0)
cloudimg-rootfs: Clearing orphaned inode 4434 (uid=111, gid=116, mode=0100600, size=0)
cloudimg-rootfs: Clearing orphaned inode 1643 (uid=111, gid=116, mode=0100600, size=0)
cloudimg-rootfs: clean, 118538/5120000 files, 1538183/10485499 blocks
done.
[   16.400612] EXT4-fs (sda1): mounted filesystem with ordered data mode. Opts: (null)
done.
Begin: Running /scripts/local-bottom ... done.
Begin: Running /scripts/init-bottom ... done.
[   16.656661] ip_tables: (C) 2000-2006 Netfilter Core Team
[   16.680597] systemd[1]: systemd 237 running in system mode. (+PAM +AUDIT +SELINUX +IMA +APPARMOR +SMACK +SYSVINIT +UTMP +LIBCRYPTSETUP +GCRYPT +GNUTLS +ACL +XZ +LZ4 +SECCOMP +BLKID +ELFUTILS +KMOD -IDN2 +IDN -PCRE2 default-hierarchy=hybrid)
[   16.696643] systemd[1]: Detected virtualization oracle.
[   16.700926] systemd[1]: Detected architecture x86-64.

Welcome to [1mUbuntu 18.04.6 LTS[0m!

[   16.730297] systemd[1]: Set hostname to <ubuntu-bionic>.
[   17.169779] random: systemd: uninitialized urandom read (16 bytes read)
[   17.175003] systemd[1]: Reached target System Time Synchronized.
[[0;32m  OK  [0m] Reached target System Time Synchronized.
[   17.182197] random: systemd: uninitialized urandom read (16 bytes read)
[   17.187611] systemd[1]: Set up automount Arbitrary Executable File Formats File System Automount Point.
[[0;32m  OK  [0m] Set up automount Arbitrary Executabâ€¦rmats File System Automount Point.
[   17.197925] random: systemd: uninitialized urandom read (16 bytes read)
[   17.203045] systemd[1]: Reached target Swap.
[[0;32m  OK  [0m] Reached target Swap.
[   17.209008] systemd[1]: Started Forward Password Requests to Wall Directory Watch.
[[0;32m  OK  [0m] Started Forward Password Requests to Wall Directory Watch.
[   17.227836] systemd[1]: Created slice System Slice.
[[0;32m  OK  [0m] Created slice System Slice.
[   17.233735] systemd[1]: Listening on udev Control Socket.
[[0;32m  OK  [0m] Listening on udev Control Socket.
[[0;32m  OK  [0m] Created slice system-serial\x2dgetty.slice.
[[0;32m  OK  [0m] Listening on udev Kernel Socket.
[[0;32m  OK  [0m] Listening on Device-mapper event daemon FIFOs.
[[0;32m  OK  [0m] Listening on Syslog Socket.
[[0;32m  OK  [0m] Listening on Journal Socket.
         Mounting Kernel Debug File System...
         Starting Uncomplicated firewall...
         Starting Set the console keyboard layout...
         Starting Load Kernel Modules...
         Starting Create list of required stâ€¦ce nodes for the current kernel...
         Starting udev Coldplug all Devices...
         Mounting Huge Pages File System...
[[0;32m  OK  [0m] Listening on fsck to fsckd communication Socket.
         Starting Remount Root and Kernel File Systems...
[[0;32m  OK  [0m] Listening on Journal Socket (/dev/log).
[[0;32m  OK  [0m] Listening on LVM2 metadata daemon socket.
         Starting Monitoring of LVM2 mirrorsâ€¦ng dmeventd or progress polling...
         Mounting POSIX Message Queue File System...
[   17.323288] Loading iSCSI transport class v2.0-870.
[[0;32m  OK  [0m] Listening on Journal Audit Socket.
         Starting Journal Service...
[[0;32m  OK  [0m] Listening on /dev/initctl Compatibility Named Pipe.
[[0;32m  OK  [0m] Listening on LVM2 poll daemon socket.
[[0;32m  OK  [0m] Listening on Network Service Netlink Socket.
[[0;32m  OK  [0m] Created slice User and Session Slice.
[[0;32m  OK  [0m] Reached target Slices.
[[0;32m  OK  [0m] Reached target User and Group Name Lookups.
[[0;32m  OK  [0m] Mounted Kernel Debug File System.
[[0;32m  OK  [0m] Started Uncomplicated firewall.
[   17.468940] EXT4-fs (sda1): re-mounted. Opts: (null)
[[0;32m  OK  [0m] Started Create list of required staâ€¦vice nodes for the current kernel.
[[0;32m  OK  [0m] Mounted Huge Pages File System.
[   17.487584] iscsi: registered transport (tcp)
[[0;32m  OK  [0m] Started Remount Root and Kernel File Systems.
[[0;32m  OK  [0m] Mounted POSIX Message Queue File System.
[[0;32m  OK  [0m] Started LVM2 metadata daemon.
         Starting Load/Save Random Seed...
         Starting Create Static Device Nodes in /dev...
[[0;32m  OK  [0m] Started udev Coldplug all Devices.
[[0;32m  OK  [0m] Started Set the console keyboard layout.
[[0;32m  OK  [0m] Started Monitoring of LVM2 mirrors,â€¦sing dmeventd or progress polling.
[[0;32m  OK  [0m] Started Journal Service.
         Starting Flush Journal to Persistent Storage...
[[0;32m  OK  [0m] Started Load/Save Random Seed.
[   17.604520] systemd-journald[409]: Received request to flush runtime journal from PID 1
[[0;32m  OK  [0m] Started Create Static Device Nodes in /dev.
[[0;32m  OK  [0m] Reached target Local File Systems (Pre).
[[0;32m  OK  [0m] Reached target Local File Systems.
         Starting ebtables ruleset management...
         Starting Set console font and keymap...
         Starting Tell Plymouth To Write Out Runtime Data...
         Starting AppArmor initialization...
         Starting udev Kernel Device Manager...
[[0;32m  OK  [0m] Started Set console font and keymap.
[[0;32m  OK  [0m] Started Tell Plymouth To Write Out Runtime Data.
[   17.717813] iscsi: registered transport (iser)
[[0;32m  OK  [0m] Started Load Kernel Modules.
         Mounting Kernel Configuration File System...
         Mounting FUSE Control File System...
         Starting Apply Kernel Variables...
[[0;32m  OK  [0m] Mounted Kernel Configuration File System.
[[0;32m  OK  [0m] Mounted FUSE Control File System.
[   17.772946] systemd-journald[409]: File /var/log/journal/0f51517a80374a72b8152d569a114687/system.journal corrupted or uncleanly shut down, renaming and replacing.
[[0;32m  OK  [0m] Started udev Kernel Device Manager.
[[0;32m  OK  [0m] Started Dispatch Password Requests to Console Directory Watch.
[[0;32m  OK  [0m] Reached target Local Encrypted Volumes.
[[0;32m  OK  [0m] Started Apply Kernel Variables.
[[0;32m  OK  [0m] Started ebtables ruleset management.
[[0;32m  OK  [0m] Started Flush Journal to Persistent Storage.
         Starting Create Volatile Files and Directories...
[[0;32m  OK  [0m] Started Create Volatile Files and Directories.
         Starting Update UTMP about System Boot/Shutdown...
[[0;32m  OK  [0m] Started Update UTMP about System Boot/Shutdown.
[[0;32m  OK  [0m] Started AppArmor initialization.
[[0;32m  OK  [0m] Found device /dev/ttyS0.
         Starting Load AppArmor profiles managed internally by snapd...
         Starting Initial cloud-init job (pre-networking)...
         Mounting Arbitrary Executable File Formats File System...
[[0;32m  OK  [0m] Listening on Load/Save RF Kill Switch Status /dev/rfkill Watch.
[[0;32m  OK  [0m] Mounted Arbitrary Executable File Formats File System.
[[0;32m  OK  [0m] Started Load AppArmor profiles managed internally by snapd.
[   20.358739] cloud-init[518]: Cloud-init v. 22.3.4-0ubuntu1~18.04.1 running 'init-local' at Sun, 13 Nov 2022 01:26:48 +0000. Up 20.17 seconds.
[[0;32m  OK  [0m] Started Initial cloud-init job (pre-networking).
[[0;32m  OK  [0m] Reached target Network (Pre).
         Starting Network Service...
[[0;32m  OK  [0m] Started Network Service.
         Starting Wait for Network to be Configured...
         Starting Network Name Resolution...
[[0;32m  OK  [0m] Started Network Name Resolution.
[[0;32m  OK  [0m] Reached target Network.
[[0;32m  OK  [0m] Reached target Host and Network Name Lookups.
[[0;32m  OK  [0m] Started Wait for Network to be Configured.
         Starting Initial cloud-init job (metadata service crawler)...
[   22.595303] cloud-init[663]: Cloud-init v. 22.3.4-0ubuntu1~18.04.1 running 'init' at Sun, 13 Nov 2022 01:26:50 +0000. Up 22.48 seconds.
[   22.601664] cloud-init[663]: ci-info: ++++++++++++++++++++++++++++++++++++++Net device info+++++++++++++++++++++++++++++++++++++++
[   22.607889] cloud-init[663]: ci-info: +--------+------+-----------------------------+---------------+--------+-------------------+
[   22.613886] cloud-init[663]: ci-info: | Device |  Up  |           Address           |      Mask     | Scope  |     Hw-Address    |
[   22.619877] cloud-init[663]: ci-info: +--------+------+-----------------------------+---------------+--------+-------------------+
[   22.626178] cloud-init[663]: ci-info: | enp0s3 | True |          10.0.2.15          | 255.255.255.0 | global | 02:d4:40:b8:a4:a0 |
[   22.632056] cloud-init[663]: ci-info: | enp0s3 | True |  fe80::d4:40ff:feb8:a4a0/64 |       .       |  link  | 02:d4:40:b8:a4:a0 |
[   22.638181] cloud-init[663]: ci-info: | enp0s8 | True |          66.66.66.6         | 255.255.255.0 | global | 08:00:27:6d:6a:86 |
[   22.643923] cloud-init[663]: ci-info: | enp0s8 | True | fe80::a00:27ff:fe6d:6a86/64 |       .       |  link  | 08:00:27:6d:6a:86 |
[   22.650674] cloud-init[663]: ci-info: |   lo   | True |          127.0.0.1          |   255.0.0.0   |  host  |         .         |
[   22.656926] cloud-init[663]: ci-info: |   lo   | True |           ::1/128           |       .       |  host  |         .         |
[   22.662843] cloud-init[663]: ci-info: +--------+------+-----------------------------+---------------+--------+-------------------+
[   22.669089] cloud-init[663]: ci-info: ++++++++++++++++++++++++++++Route IPv4 info+++++++++++++++++++++++++++++
[   22.675362] cloud-init[663]: ci-info: +-------+-------------+----------+-----------------+-----------+-------+
[   22.680934] cloud-init[663]: ci-info: | Route | Destination | Gateway  |     Genmask     | Interface | Flags |
[   22.688176] cloud-init[663]: ci-info: +-------+-------------+----------+-----------------+-----------+-------+
[   22.694005] cloud-init[663]: ci-info: |   0   |   0.0.0.0   | 10.0.2.2 |     0.0.0.0     |   enp0s3  |   UG  |
[   22.699420] cloud-init[663]: ci-info: |   1   |   10.0.2.0  | 0.0.0.0  |  255.255.255.0  |   enp0s3  |   U   |
[   22.705714] cloud-init[663]: ci-info: |   2   |   10.0.2.2  | 0.0.0.0  | 255.255.255.255 |   enp0s3  |   UH  |
[   22.711641] cloud-init[663]: ci-info: |   3   |  66.66.66.0 | 0.0.0.0  |  255.255.255.0  |   enp0s8  |   U   |
[   22.717226] cloud-init[663]: ci-info: +-------+-------------+----------+-----------------+-----------+-------+
[   22.722693] cloud-init[663]: ci-info: +++++++++++++++++++Route IPv6 info+++++++++++++++++++
[   22.733755] cloud-init[663]: ci-info: +-------+-------------+---------+-----------+-------+
[   22.736877] cloud-init[663]: ci-info: | Route | Destination | Gateway | Interface | Flags |
[   22.739660] cloud-init[663]: ci-info: +-------+-------------+---------+-----------+-------+
[   22.742280] cloud-init[663]: ci-info: |   1   |  fe80::/64  |    ::   |   enp0s8  |   U   |
[   22.748981] cloud-init[663]: ci-info: |   2   |  fe80::/64  |    ::   |   enp0s3  |   U   |
[   22.753464] cloud-init[663]: ci-info: |   4   |    local    |    ::   |   enp0s3  |   U   |
[   22.764519] cloud-init[663]: ci-info: |   5   |    local    |    ::   |   enp0s8  |   U   |
[   22.767209] cloud-init[663]: ci-info: |   6   |   ff00::/8  |    ::   |   enp0s8  |   U   |
[   22.770294] cloud-init[663]: ci-info: |   7   |   ff00::/8  |    ::   |   enp0s3  |   U   |
[   22.772980] cloud-init[663]: ci-info: +-------+-------------+---------+-----------+-------+
[[0;32m  OK  [0m] Started Initial cloud-init job (metadata service crawler).
[[0;32m  OK  [0m] Reached target Cloud-config availability.
[[0;32m  OK  [0m] Reached target System Initialization.
[[0;32m  OK  [0m] Listening on cloud-init hotplug hook socket.
[[0;32m  OK  [0m] Started Message of the Day.
[[0;32m  OK  [0m] Started Ubuntu Advantage Timer for running repeated jobs.
[[0;32m  OK  [0m] Listening on D-Bus System Message Bus Socket.
         Starting LXD - unix socket.
[[0;32m  OK  [0m] Listening on Open-iSCSI iscsid Socket.
[[0;32m  OK  [0m] Listening on UUID daemon activation socket.
[[0;32m  OK  [0m] Started ACPI Events Check.
[[0;32m  OK  [0m] Listening on ACPID Listen Socket.
[[0;32m  OK  [0m] Reached target Paths.
[[0;32m  OK  [0m] Started Daily Cleanup of Temporary Directories.
[[0;32m  OK  [0m] Started Daily apt download activities.
[[0;32m  OK  [0m] Started Daily apt upgrade and clean activities.
[[0;32m  OK  [0m] Started Discard unused blocks once a week.
[[0;32m  OK  [0m] Reached target Timers.
         Starting Socket activation for snappy daemon.
[[0;32m  OK  [0m] Reached target Network is Online.
[[0;32m  OK  [0m] Reached target Remote File Systems (Pre).
         Mounting /vagrant...
         Starting Availability of block devices...
         Mounting /home/arcemu/host...
[[0;32m  OK  [0m] Listening on LXD - unix socket.
[[0;32m  OK  [0m] Listening on Socket activation for snappy daemon.
[[0;32m  OK  [0m] Reached target Sockets.
[[0;32m  OK  [0m] Reached target Basic System.
[[0;32m  OK  [0m] Started irqbalance daemon.
[[0;32m  OK  [0m] Started Deferred execution scheduler.
         Starting MySQL Community Server...
         Starting A high performance web server and a reverse proxy server...
         Starting Message of the Day...
         Starting Accounts Service...
         Starting Dispatcher daemon for systemd-networkd...
         Starting vsftpd FTP server...
[[0;32m  OK  [0m] Started FUSE filesystem for LXC.
[[0;32m  OK  [0m] Started Regular background program processing daemon.
         Starting Virtualbox guest utils...
         Starting Login Service...
         Starting OpenBSD Secure Shell server...
         Starting LSB: Record successful boot for GRUB...
         Starting System Logging Service...
[[0;32m  OK  [0m] Reached target Login Prompts (Pre).
[[0;32m  OK  [0m] Started D-Bus System Message Bus.
         Starting Snap Daemon...
         Starting LXD - container startup/shutdown...
[[0;32m  OK  [0m] Started System Logging Service.
[[0;32m  OK  [0m] Mounted /vagrant.
[[0;32m  OK  [0m] Started Availability of block devices.
[[0;32m  OK  [0m] Mounted /home/arcemu/host.
[[0;32m  OK  [0m] Started vsftpd FTP server.
[[0;32m  OK  [0m] Started OpenBSD Secure Shell server.
[[0;32m  OK  [0m] Started Login Service.
[[0;32m  OK  [0m] Started Unattended Upgrades Shutdown.
[[0;32m  OK  [0m] Reached target Remote File Systems.
         Starting LSB: automatic crash report generation...
         Starting Permit User Sessions...
[[0;32m  OK  [0m] Started Permit User Sessions.
         Starting Hold until boot process finishes up...
         Starting Terminate Plymouth Boot Screen...
         Starting Authorization Manager...
[[0;32m  OK  [0m] Started Hold until boot process finishes up.
[[0;32m  OK  [0m] Started Serial Getty on ttyS0.
         Starting Set console scheme...
[[0;32m  OK  [0m] Started Terminate Plymouth Boot Screen.
[[0;32m  OK  [0m] Started LSB: Record successful boot for GRUB.
[[0;32m  OK  [0m] Started A high performance web server and a reverse proxy server.
[[0;32m  OK  [0m] Started Set console scheme.
[[0;32m  OK  [0m] Created slice system-getty.slice.
[[0;32m  OK  [0m] Started Getty on tty1.
[[0;32m  OK  [0m] Reached target Login Prompts.
[[0;32m  OK  [0m] Started Authorization Manager.
[[0;32m  OK  [0m] Started Accounts Service.
[[0;32m  OK  [0m] Started LSB: automatic crash report generation.
[[0;32m  OK  [0m] Started Virtualbox guest utils.
[[0;32m  OK  [0m] Created slice User Slice of vagrant.
[[0;32m  OK  [0m] Started LXD - container startup/shutdown.
[[0;32m  OK  [0m] Started Dispatcher daemon for systemd-networkd.
[[0;32m  OK  [0m] Started Session 1 of user vagrant.
         Starting User Manager for UID 1000...
[[0;32m  OK  [0m] Started User Manager for UID 1000.
[[0;32m  OK  [0m] Started Snap Daemon.
         Starting Wait until snapd is fully seeded...
         Starting Time & Date Service...
[[0;32m  OK  [0m] Started Message of the Day.
[[0;32m  OK  [0m] Started Time & Date Service.
[[0;32m  OK  [0m] Started Wait until snapd is fully seeded.
         Starting Apply the settings specified in cloud-config...
[   27.406449] cloud-init[1165]: Cloud-init v. 22.3.4-0ubuntu1~18.04.1 running 'modules:config' at Sun, 13 Nov 2022 01:26:55 +0000. Up 27.30 seconds.
[[0;32m  OK  [0m] Started Apply the settings specified in cloud-config.
[[0;32m  OK  [0m] Started MySQL Community Server.
[[0;32m  OK  [0m] Reached target Multi-User System.
[[0;32m  OK  [0m] Reached target Graphical Interface.
         Starting Execute cloud user/final scripts...
         Starting Update UTMP about System Runlevel Changes...
[[0;32m  OK  [0m] Started Update UTMP about System Runlevel Changes.
[   29.030023] cloud-init[1287]: Cloud-init v. 22.3.4-0ubuntu1~18.04.1 running 'modules:final' at Sun, 13 Nov 2022 01:26:56 +0000. Up 28.86 seconds.
[   29.038101] cloud-init[1287]: Cloud-init v. 22.3.4-0ubuntu1~18.04.1 finished at Sun, 13 Nov 2022 01:26:57 +0000. Datasource DataSourceNoCloud [seed=/dev/sdb][dsmode=net].  Up 29.02 seconds

Ubuntu 18.04.6 LTS ubuntu-bionic ttyS0

ubuntu-bionic login: [129445.411905] INFO: rcu_sched self-detected stall on CPU
[129445.413011] INFO: rcu_sched self-detected stall on CPU
[129445.417315] 	0-...!: (1 ticks this GP) idle=946/140000000000001/0 softirq=35064/35064 fqs=0 
[129445.431262] 	 (t=340274 jiffies g=8204 c=8203 q=33)
[129445.431322] 	1-...!: (1 GPs behind) idle=43e/140000000000001/0 softirq=28964/28964 fqs=0 
[129445.437303] rcu_sched kthread starved for 340274 jiffies! g8204 c8203 f0x0 RCU_GP_WAIT_FQS(3) ->state=0x402 ->cpu=0
[129445.445057] 	 (t=340274 jiffies g=8204 c=8203 q=33)
[129445.459881] rcu_sched kthread starved for 340274 jiffies! g8204 c8203 f0x0 RCU_GP_WAIT_FQS(3) ->state=0x402 ->cpu=0
[129445.473148] INFO: rcu_sched self-detected stall on CPU
[129445.475945] INFO: rcu_sched detected stalls on CPUs/tasks:
[129445.479058] 	1-...!: (1 GPs behind) idle=43e/140000000000001/0 softirq=28964/28964 fqs=1 
[129445.492726] 	 (t=30576859 jiffies g=8204 c=8203 q=82)
[129445.492766] 	1-...!: (1 GPs behind) idle=43e/140000000000001/0 softirq=28964/28964 fqs=1 
[129445.498317] rcu_sched kthread starved for 30236585 jiffies! g8204 c8203 f0x0 RCU_GP_WAIT_FQS(3) ->state=0x402 ->cpu=0
[129445.507108] 	(detected by 0, t=30576859 jiffies, g=8204, c=8203, q=82)
[129445.526332] rcu_sched kthread starved for 30236585 jiffies! g8204 c8203 f0x0 RCU_GP_WAIT_FQS(3) ->state=0x0 ->cpu=0
[129721.748520] INFO: task jbd2/sda1-8:328 blocked for more than 120 seconds.
[129721.759662]       Not tainted 4.15.0-196-generic #207-Ubuntu
[129721.765860] "echo 0 > /proc/sys/kernel/hung_task_timeout_secs" disables this message.
[129842.098233] INFO: task jbd2/sda1-8:328 blocked for more than 120 seconds.
[129842.106483]       Not tainted 4.15.0-196-generic #207-Ubuntu
[129842.113702] "echo 0 > /proc/sys/kernel/hung_task_timeout_secs" disables this message.
[129842.126253] INFO: task systemd-journal:409 blocked for more than 120 seconds.
[129842.135030]       Not tainted 4.15.0-196-generic #207-Ubuntu
[129842.145089] "echo 0 > /proc/sys/kernel/hung_task_timeout_secs" disables this message.
[129842.154288] INFO: task mysqld:1251 blocked for more than 120 seconds.
[129842.161339]       Not tainted 4.15.0-196-generic #207-Ubuntu
[129842.170836] "echo 0 > /proc/sys/kernel/hung_task_timeout_secs" disables this message.
[129962.980657] INFO: task jbd2/sda1-8:328 blocked for more than 120 seconds.
[129962.988349]       Not tainted 4.15.0-196-generic #207-Ubuntu
[129962.995088] "echo 0 > /proc/sys/kernel/hung_task_timeout_secs" disables this message.
[129963.008055] INFO: task systemd-journal:409 blocked for more than 120 seconds.
[129963.017104]       Not tainted 4.15.0-196-generic #207-Ubuntu
[129963.024257] "echo 0 > /proc/sys/kernel/hung_task_timeout_secs" disables this message.
[129963.036389] INFO: task mysqld:1251 blocked for more than 120 seconds.
[129963.043906]       Not tainted 4.15.0-196-generic #207-Ubuntu
[129963.052823] "echo 0 > /proc/sys/kernel/hung_task_timeout_secs" disables this message.
         Stopping User Manager for UID 1000...
[[0;32m  OK  [0m] Stopped target Timers.
[[0;32m  OK  [0m] Stopped Ubuntu Advantage Timer for running repeated jobs.
[[0;32m  OK  [0m] Stopped target Cloud-init target.
[[0;32m  OK  [0m] Stopped Execute cloud user/final scripts.
[[0;32m  OK  [0m] Closed Load/Save RF Kill Switch Status /dev/rfkill Watch.
[[0;32m  OK  [0m] Stopped Message of the Day.
[[0;32m  OK  [0m] Stopped Daily apt upgrade and clean activities.
[[0;32m  OK  [0m] Stopped Daily apt download activities.
         Stopping Availability of block devices...
[[0;32m  OK  [0m] Stopped target Graphical Interface.
         Stopping Accounts Servic         Stopping Serial Getty on ttyS0...
         Stopping Getty on tty1...
         Stopping OpenBSD Secure Shell server...
         Stopping D-Bus System Message Bus...
         Stopping Regular background program processing daemon...
         Stopping Deferred execution scheduler...
         Stopping A high performance web server and a reverse proxy server...
         Stopping System Logging Service...
         Stopping Unattended Upgrades Shutdown...
         Stopping Dispatcher daemon for systemd-networkd...
         Stopping Virtualbox guest utils...
         Stopping FUSE filesystem for LXC...
         Stopping vsftpd FTP server...
         Stopping LSB: automatic crash report generation...
         Stopping LXD - container startup/shutdown...
         Stopping Authorization Manager...
         Stopping irqbalance daemon...
[[0;32m  OK  [0m] Stopped Discard unused blocks once a week.
[[0;32m  OK  [0m] Stopped target System Time Synchronized.
[[0;32m  OK  [0m] Unmounted /var/lib/lxcfs.
[[0;32m  OK  [0m] Stopped irqbalance daemon.
[[0;32m  OK  [0m] Stopped Deferred execution scheduler.
[[0;32m  OK  [0m] Stopped Accounts Service.
[[0;32m  OK  [0m] Stopped Dispatcher daemon for systemd-networkd.
[[0;32m  OK  [0m] Stopped Regular background program processing daemon.
[[0;32m  OK  [0m] Stopped System Logging Service.
[[0;32m  OK  [0m] Stopped vsftpd FTP server.
[[0;32m  OK  [0m] Stopped OpenBSD Secure Shell server.
[[0;32m  OK  [0m] Stopped Serial Getty on ttyS0.
[[0;32m  OK  [0m] Stopped Authorization Manager.
[[0;32m  OK  [0m] Stopped User Manager for UID 1000.
[[0;32m  OK  [0m] Stopped Getty on tty1.
[[0;32m  OK  [0m] Stopped D-Bus System Message Bus.
[[0;32m  OK  [0m] Stopped A high performance web server and a reverse proxy server.
[[0;32m  OK  [0m] Stopped FUSE filesystem for LXC.
[[0;32m  OK  [0m] Stopped Session 3 of user vagrant.
[[0;32m  OK  [0m] Stopped Unattended Upgrades Shutdown.
[[0;32m  OK  [0m] Stopped Availability of block devices.
[[0;32m  OK  [0m] Removed slice system-getty.slice.
[[0;32m  OK  [0m] Removed slice User Slice of vagrant.
         Stopping Login Service...
[[0;32m  OK  [0m] Removed slice system-serial\x2dgetty.slice.
[[0;32m  OK  [0m] Stopped target Login Prompts (Pre).
         Stopping Permit User Sessions...
[[0;32m  OK  [0m] Stopped LSB: Record successful boot for GRUB.
[[0;32m  OK  [0m] Stopped Virtualbox guest utils.
[[0;32m  OK  [0m] Stopped LSB: automatic crash report generation.
[[0;32m  OK  [0m] Stopped LXD - container startup/shutdown.
[[0;32m  OK  [0m] Stopped Permit User Sessions.
[[0;32m  OK  [0m] Stopped target Remote File Systems.
         Unmounting /vagrant...
         Unmounting /home/arcemu/host...
[[0;32m  OK  [0m] Stopped Login Service.
[[0;32m  OK  [0m] Stopped target User and Group Name Lookups.
[[0;32m  OK  [0m] Unmounted /vagrant.
[[0;32m  OK  [0m] Unmounted /home/arcemu/host.
[[0;32m  OK  [0m] Stopped target Remote File Systems (Pre).
[[0;32m  OK  [0m] Stopped target Network is Online.
[    [0;31m*[0;1;31m*[0m] A stop job is running for MySQL Community Server (5s / no limit)[K[     [0;31m*[0m] A stop job is running for MySQL Community Server (6s / no limit)[K[    [0;31m*[0;1;31m*[0m] A stop job is running for MySQL Community Server (6s / no limit)[K[   [0;31m*[0;1;31m*[0m[0;31m*[0m] A stop job is running for MySQL Community Server (7s / no limit)[K[  [0;31m*[0;1;31m*[0m[0;31m* [0m] A stop job is running for MySQL Community Server (7s / no limit)[K[ [0;31m*[0;1;31m*[0m[0;31m*  [0m] A stop job is running for MySQL Community Server (8s / no limit)[K[[0;31m*[0;1;31m*[0m[0;31m*   [0m] A stop job is running for MySQL Community Server (8s / no limit)[K[[0;1;31m*[0m[0;31m*    [0m] A stop job is running for MySQL Community Server (9s / no limit)[K[[0m[0;31m*     [0m] A stop job is running for MySQL Community Server (9s / no limit)[K[[0;1;31m*[0m[0;31m*    [0m] A stop job is running for MySQL Community Server (10s / no limit)[K[[0;31m*[0;1;31m*[0m[0;31m*   [0m] A stop job is running for MySQL Community Server (10s / no limit)[K[ [0;31m*[0;1;31m*[0m[0;31m*  [0m] A stop job is running for MySQL Community Server (11s / no limit)[K[  [0;31m*[0;1;31m*[0m[0;31m* [0m] A stop job is running for MySQL Community Server (11s / no limit)[K[   [0;31m*[0;1;31m*[0m[0;31m*[0m] A stop job is running for MySQL Community Server (12s / no limit)[K[    [0;31m*[0;1;31m*[0m] A stop job is running for MySQL Community Server (12s / no limit)[K[     [0;31m*[0m] A stop job is running for MySQL Community Server (13s / no limit)[K[    [0;31m*[0;1;31m*[0m] A stop job is running for MySQL Community Server (13s / no limit)[K[   [0;31m*[0;1;31m*[0m[0;31m*[0m] A stop job is running for MySQL Community Server (14s / no limit)[K[  [0;31m*[0;1;31m*[0m[0;31m* [0m] A stop job is running for MySQL Community Server (14s / no limit)[K[ [0;31m*[0;1;31m*[0m[0;31m*  [0m] A stop job is running for MySQL Community Server (15s / no limit)[K[[0;31m*[0;1;31m*[0m[0;31m*   [0m] A stop job is running for MySQL Community Server (15s / no limit)[K[[0;1;31m*[0m[0;31m*    [0m] A stop job is running for MySQL Community Server (16s / no limit)[K[[0m[0;31m*     [0m] A stop job is running for MySQL Community Server (16s / no limit)[K[[0;1;31m*[0m[0;31m*    [0m] A stop job is running for MySQL Community Server (17s / no limit)[K[[0;31m*[0;1;31m*[0m[0;31m*   [0m] A stop job is running for MySQL Community Server (17s / no limit)[K[ [0;31m*[0;1;31m*[0m[0;31m*  [0m] A stop job is running for MySQL Community Server (18s / no limit)[K[  [0;31m*[0;1;31m*[0m[0;31m* [0m] A stop job is running for MySQL Community Server (18s / no limit)[K[   [0;31m*[0;1;31m*[0m[0;31m*[0m] A stop job is running for MySQL Community Server (19s / no limit)[K[    [0;31m*[0;1;31m*[0m] A stop job is running for MySQL Community Server (19s / no limit)[130083.651988] INFO: task jbd2/sda1-8:328 blocked for more than 120 seconds.
[130083.659555]       Not tainted 4.15.0-196-generic #207-Ubuntu
[130083.665804] "echo 0 > /proc/sys/kernel/hung_task_timeout_secs" disables this message.
[130083.673312] INFO: task systemd-journal:409 blocked for more than 120 seconds.
[130083.680130]       Not tainted 4.15.0-196-generic #207-Ubuntu
[130083.686549] "echo 0 > /proc/sys/kernel/hung_task_timeout_secs" disables this message.
[130083.694186] INFO: task mysqld:1251 blocked for more than 120 seconds.
[130083.700597]       Not tainted 4.15.0-196-generic #207-Ubuntu
[130083.707050] "echo 0 > /proc/sys/kernel/hung_task_timeout_secs" disables this message.
